{"operation": "db.query", "status": "success", "duration_ms": 1, "db_operation": "pragma", "db_table": "unknown", "event": "db_query", "level": "info", "timestamp": "2026-08-31T11:43:29.433494Z", "poc_id": "POC-07", "phase": 1, "associate_id": "developer", "request_id": "system", "error": null, "logger": "db"}
{"operation": "db.query", "status": "success", "duration_ms": 0, "db_operation": "pragma", "db_table": "unknown", "event": "db_query", "level": "info", "timestamp": "2026-08-31T11:43:29.436734Z", "poc_id": "POC-07", "phase": 1, "associate_id": "developer", "request_id": "system", "error": null, "logger": "db"}
{"operation": "db.query", "status": "success", "duration_ms": 0, "db_operation": "pragma", "db_table": "unknown", "event": "db_query", "level": "info", "timestamp": "2026-08-31T11:43:29.438240Z", "poc_id": "POC-07", "phase": 1, "associate_id": "developer", "request_id": "system", "error": null, "logger": "db"}
{"operation": "db.query", "status": "success", "duration_ms": 0, "db_operation": "pragma", "db_table": "unknown", "event": "db_query", "level": "info", "timestamp": "2026-08-31T11:43:29.439153Z", "poc_id": "POC-07", "phase": 1, "associate_id": "developer", "request_id": "system", "error": null, "logger": "db"}
{"operation": "db.query", "status": "success", "duration_ms": 0, "db_operation": "pragma", "db_table": "unknown", "event": "db_query", "level": "info", "timestamp": "2026-08-31T11:43:29.440106Z", "poc_id": "POC-07", "phase": 1, "associate_id": "developer", "request_id": "system", "error": null, "logger": "db"}
{"operation": "db.query", "status": "success", "duration_ms": 0, "db_operation": "pragma", "db_table": "unknown", "event": "db_query", "level": "info", "timestamp": "2026-08-31T11:43:29.441212Z", "poc_id": "POC-07", "phase": 1, "associate_id": "developer", "request_id": "system", "error": null, "logger": "db"}
{"operation": "db.query", "status": "success", "duration_ms": 0, "db_operation": "pragma", "db_table": "unknown", "event": "db_query", "level": "info", "timestamp": "2026-08-31T11:43:29.442592Z", "poc_id": "POC-07", "phase": 1, "associate_id": "developer", "request_id": "system", "error": null, "logger": "db"}
{"operation": "db.query", "status": "success", "duration_ms": 0, "db_operation": "pragma", "db_table": "unknown", "event": "db_query", "level": "info", "timestamp": "2026-08-31T11:43:29.443545Z", "poc_id": "POC-07", "phase": 1, "associate_id": "developer", "request_id": "system", "error": null, "logger": "db"}
{"operation": "db.query", "status": "success", "duration_ms": 0, "db_operation": "select", "db_table": "users", "event": "db_query", "level": "info", "timestamp": "2026-08-31T11:43:29.459342Z", "poc_id": "POC-07", "phase": 1, "associate_id": "developer", "request_id": "system", "error": null, "logger": "db"}
{"operation": "app.startup", "status": "success", "duration_ms": 0, "event": "startup", "level": "info", "timestamp": "2026-08-31T11:43:29.460927Z", "poc_id": "POC-07", "phase": 1, "associate_id": "developer", "request_id": "system", "error": null, "logger": "main"}
{"operation": "http.request", "status": "success", "duration_ms": 0, "method": "GET", "path": "/health", "query_params": {}, "event": "request_started", "associate_id": "developer", "request_id": "req_5982b001e6c3", "poc_id": "POC-07", "phase": 1, "level": "info", "timestamp": "2026-08-31T11:43:42.420360Z", "error": null, "logger": "main"}
{"operation": "http.request", "status": "success", "duration_ms": 7, "method": "GET", "path": "/health", "status_code": 200, "event": "request_completed", "associate_id": "developer", "request_id": "req_5982b001e6c3", "poc_id": "POC-07", "phase": 1, "level": "info", "timestamp": "2026-08-31T11:43:42.427896Z", "error": null, "logger": "main"}
INFO:     127.0.0.1:64527 - "GET /health HTTP/1.1" 200 OK
{"operation": "http.request", "status": "success", "duration_ms": 0, "method": "POST", "path": "/api/v1/auth/login", "query_params": {}, "event": "request_started", "associate_id": "developer", "request_id": "req_2ca8817284e1", "poc_id": "POC-07", "phase": 1, "level": "info", "timestamp": "2026-08-31T11:43:54.268685Z", "error": null, "logger": "main"}
{"operation": "db.query", "status": "success", "duration_ms": 0, "db_operation": "select", "db_table": "users", "event": "db_query", "associate_id": "developer", "request_id": "req_2ca8817284e1", "poc_id": "POC-07", "phase": 1, "level": "info", "timestamp": "2026-08-31T11:43:54.283270Z", "error": null, "logger": "db"}
{"operation": "auth.login", "status": "success", "duration_ms": 282, "user_id": 6, "email": "manager@poc07.com", "event": "login_success", "associate_id": "developer", "request_id": "req_2ca8817284e1", "poc_id": "POC-07", "phase": 1, "level": "info", "timestamp": "2026-08-31T11:43:54.564724Z", "error": null, "logger": "auth"}
{"operation": "http.request", "status": "success", "duration_ms": 341, "method": "POST", "path": "/api/v1/auth/login", "status_code": 200, "event": "request_completed", "associate_id": "developer", "request_id": "req_2ca8817284e1", "poc_id": "POC-07", "phase": 1, "level": "info", "timestamp": "2026-08-31T11:43:54.609726Z", "error": null, "logger": "main"}
INFO:     127.0.0.1:64539 - "POST /api/v1/auth/login HTTP/1.1" 200 OK
{"operation": "http.request", "status": "success", "duration_ms": 0, "method": "GET", "path": "/api/v1/products", "query_params": {}, "event": "request_started", "associate_id": "developer", "request_id": "req_6e37b9315ac3", "poc_id": "POC-07", "phase": 1, "level": "info", "timestamp": "2026-08-31T11:43:54.615314Z", "error": null, "logger": "main"}
{"operation": "db.query", "status": "success", "duration_ms": 0, "db_operation": "select", "db_table": "users", "event": "db_query", "associate_id": "developer", "request_id": "req_6e37b9315ac3", "poc_id": "POC-07", "phase": 1, "level": "info", "timestamp": "2026-08-31T11:43:54.619526Z", "error": null, "logger": "db"}
{"operation": "auth.validate", "status": "success", "duration_ms": 3, "user_id": 6, "event": "token_validated", "associate_id": "developer", "request_id": "req_6e37b9315ac3", "poc_id": "POC-07", "phase": 1, "level": "info", "timestamp": "2026-08-31T11:43:54.620395Z", "error": null, "logger": "auth"}
{"operation": "db.query", "status": "success", "duration_ms": 1, "db_operation": "select", "db_table": "products", "event": "db_query", "associate_id": "developer", "request_id": "req_6e37b9315ac3", "poc_id": "POC-07", "phase": 1, "level": "info", "timestamp": "2026-08-31T11:43:54.632343Z", "error": null, "logger": "db"}
{"operation": "http.request", "status": "success", "duration_ms": 20, "method": "GET", "path": "/api/v1/products", "status_code": 200, "event": "request_completed", "associate_id": "developer", "request_id": "req_6e37b9315ac3", "poc_id": "POC-07", "phase": 1, "level": "info", "timestamp": "2026-08-31T11:43:54.636264Z", "error": null, "logger": "main"}
INFO:     127.0.0.1:64540 - "GET /api/v1/products HTTP/1.1" 200 OK
{"operation": "http.request", "status": "success", "duration_ms": 0, "method": "GET", "path": "/api/v1/products/5", "query_params": {}, "event": "request_started", "associate_id": "developer", "request_id": "req_d84a48723c54", "poc_id": "POC-07", "phase": 1, "level": "info", "timestamp": "2026-08-31T11:44:46.374505Z", "error": null, "logger": "main"}
{"operation": "db.query", "status": "success", "duration_ms": 0, "db_operation": "select", "db_table": "users", "event": "db_query", "associate_id": "developer", "request_id": "req_d84a48723c54", "poc_id": "POC-07", "phase": 1, "level": "info", "timestamp": "2026-08-31T11:44:46.423725Z", "error": null, "logger": "db"}
{"operation": "auth.validate", "status": "success", "duration_ms": 3, "user_id": 6, "event": "token_validated", "associate_id": "developer", "request_id": "req_d84a48723c54", "poc_id": "POC-07", "phase": 1, "level": "info", "timestamp": "2026-08-31T11:44:46.425374Z", "error": null, "logger": "auth"}
{"operation": "db.query", "status": "success", "duration_ms": 0, "db_operation": "select", "db_table": "products", "event": "db_query", "associate_id": "developer", "request_id": "req_d84a48723c54", "poc_id": "POC-07", "phase": 1, "level": "info", "timestamp": "2026-08-31T11:44:46.429306Z", "error": null, "logger": "db"}
{"operation": "db.query", "status": "success", "duration_ms": 0, "db_operation": "select", "db_table": "stock_levels", "event": "db_query", "associate_id": "developer", "request_id": "req_d84a48723c54", "poc_id": "POC-07", "phase": 1, "level": "info", "timestamp": "2026-08-31T11:44:46.432490Z", "error": null, "logger": "db"}
{"operation": "db.query", "status": "success", "duration_ms": 0, "db_operation": "select", "db_table": "stock_movements", "event": "db_query", "associate_id": "developer", "request_id": "req_d84a48723c54", "poc_id": "POC-07", "phase": 1, "level": "info", "timestamp": "2026-08-31T11:44:46.436674Z", "error": null, "logger": "db"}
{"operation": "http.request", "status": "success", "duration_ms": 68, "method": "GET", "path": "/api/v1/products/5", "status_code": 200, "event": "request_completed", "associate_id": "developer", "request_id": "req_d84a48723c54", "poc_id": "POC-07", "phase": 1, "level": "info", "timestamp": "2026-08-31T11:44:46.442820Z", "error": null, "logger": "main"}
INFO:     127.0.0.1:53512 - "GET /api/v1/products/5 HTTP/1.1" 200 OK
{"operation": "http.request", "status": "success", "duration_ms": 0, "method": "GET", "path": "/api/v1/suppliers/5/catalog", "query_params": {}, "event": "request_started", "associate_id": "developer", "request_id": "req_1902cda9d23f", "poc_id": "POC-07", "phase": 1, "level": "info", "timestamp": "2026-08-31T11:45:05.816925Z", "error": null, "logger": "main"}
{"operation": "db.query", "status": "success", "duration_ms": 0, "db_operation": "select", "db_table": "users", "event": "db_query", "associate_id": "developer", "request_id": "req_1902cda9d23f", "poc_id": "POC-07", "phase": 1, "level": "info", "timestamp": "2026-08-31T11:45:05.828879Z", "error": null, "logger": "db"}
{"operation": "auth.validate", "status": "success", "duration_ms": 110, "user_id": 6, "event": "token_validated", "associate_id": "developer", "request_id": "req_1902cda9d23f", "poc_id": "POC-07", "phase": 1, "level": "info", "timestamp": "2026-08-31T11:45:05.938956Z", "error": null, "logger": "auth"}
{"operation": "db.query", "status": "success", "duration_ms": 0, "db_operation": "select", "db_table": "suppliers", "event": "db_query", "associate_id": "developer", "request_id": "req_1902cda9d23f", "poc_id": "POC-07", "phase": 1, "level": "info", "timestamp": "2026-08-31T11:45:06.013873Z", "error": null, "logger": "db"}
{"operation": "db.query", "status": "success", "duration_ms": 0, "db_operation": "select", "db_table": "products", "event": "db_query", "associate_id": "developer", "request_id": "req_1902cda9d23f", "poc_id": "POC-07", "phase": 1, "level": "info", "timestamp": "2026-08-31T11:45:06.094251Z", "error": null, "logger": "db"}
{"operation": "http.request", "status": "success", "duration_ms": 344, "method": "GET", "path": "/api/v1/suppliers/5/catalog", "status_code": 200, "event": "request_completed", "associate_id": "developer", "request_id": "req_1902cda9d23f", "poc_id": "POC-07", "phase": 1, "level": "info", "timestamp": "2026-08-31T11:45:06.161063Z", "error": null, "logger": "main"}
INFO:     127.0.0.1:54134 - "GET /api/v1/suppliers/5/catalog HTTP/1.1" 200 OK
{"operation": "http.request", "status": "success", "duration_ms": 0, "method": "GET", "path": "/api/v1/suppliers/5", "query_params": {}, "event": "request_started", "associate_id": "developer", "request_id": "req_4716c490d5bc", "poc_id": "POC-07", "phase": 1, "level": "info", "timestamp": "2026-08-31T11:45:08.379871Z", "error": null, "logger": "main"}
{"operation": "db.query", "status": "success", "duration_ms": 0, "db_operation": "select", "db_table": "users", "event": "db_query", "associate_id": "developer", "request_id": "req_4716c490d5bc", "poc_id": "POC-07", "phase": 1, "level": "info", "timestamp": "2026-08-31T11:45:08.383277Z", "error": null, "logger": "db"}
{"operation": "auth.validate", "status": "success", "duration_ms": 1, "user_id": 6, "event": "token_validated", "associate_id": "developer", "request_id": "req_4716c490d5bc", "poc_id": "POC-07", "phase": 1, "level": "info", "timestamp": "2026-08-31T11:45:08.384042Z", "error": null, "logger": "auth"}
{"operation": "db.query", "status": "success", "duration_ms": 0, "db_operation": "select", "db_table": "suppliers", "event": "db_query", "associate_id": "developer", "request_id": "req_4716c490d5bc", "poc_id": "POC-07", "phase": 1, "level": "info", "timestamp": "2026-08-31T11:45:08.385396Z", "error": null, "logger": "db"}
{"operation": "http.request", "status": "success", "duration_ms": 13, "method": "GET", "path": "/api/v1/suppliers/5", "status_code": 200, "event": "request_completed", "associate_id": "developer", "request_id": "req_4716c490d5bc", "poc_id": "POC-07", "phase": 1, "level": "info", "timestamp": "2026-08-31T11:45:08.393467Z", "error": null, "logger": "main"}
INFO:     127.0.0.1:64872 - "GET /api/v1/suppliers/5 HTTP/1.1" 200 OK
{"operation": "http.request", "status": "success", "duration_ms": 0, "method": "GET", "path": "/api/v1/products/10", "query_params": {}, "event": "request_started", "associate_id": "developer", "request_id": "req_7ee1ea0b9ab8", "poc_id": "POC-07", "phase": 1, "level": "info", "timestamp": "2026-08-31T11:45:41.570658Z", "error": null, "logger": "main"}
{"operation": "db.query", "status": "success", "duration_ms": 0, "db_operation": "select", "db_table": "users", "event": "db_query", "associate_id": "developer", "request_id": "req_7ee1ea0b9ab8", "poc_id": "POC-07", "phase": 1, "level": "info", "timestamp": "2026-08-31T11:45:41.578963Z", "error": null, "logger": "db"}
{"operation": "auth.validate", "status": "success", "duration_ms": 1, "user_id": 6, "event": "token_validated", "associate_id": "developer", "request_id": "req_7ee1ea0b9ab8", "poc_id": "POC-07", "phase": 1, "level": "info", "timestamp": "2026-08-31T11:45:41.579832Z", "error": null, "logger": "auth"}
{"operation": "db.query", "status": "success", "duration_ms": 0, "db_operation": "select", "db_table": "products", "event": "db_query", "associate_id": "developer", "request_id": "req_7ee1ea0b9ab8", "poc_id": "POC-07", "phase": 1, "level": "info", "timestamp": "2026-08-31T11:45:41.581119Z", "error": null, "logger": "db"}
{"operation": "db.query", "status": "success", "duration_ms": 0, "db_operation": "select", "db_table": "stock_levels", "event": "db_query", "associate_id": "developer", "request_id": "req_7ee1ea0b9ab8", "poc_id": "POC-07", "phase": 1, "level": "info", "timestamp": "2026-08-31T11:45:41.582197Z", "error": null, "logger": "db"}
{"operation": "db.query", "status": "success", "duration_ms": 0, "db_operation": "select", "db_table": "stock_movements", "event": "db_query", "associate_id": "developer", "request_id": "req_7ee1ea0b9ab8", "poc_id": "POC-07", "phase": 1, "level": "info", "timestamp": "2026-08-31T11:45:41.583363Z", "error": null, "logger": "db"}
{"operation": "http.request", "status": "success", "duration_ms": 14, "method": "GET", "path": "/api/v1/products/10", "status_code": 200, "event": "request_completed", "associate_id": "developer", "request_id": "req_7ee1ea0b9ab8", "poc_id": "POC-07", "phase": 1, "level": "info", "timestamp": "2026-08-31T11:45:41.585371Z", "error": null, "logger": "main"}
INFO:     127.0.0.1:52955 - "GET /api/v1/products/10 HTTP/1.1" 200 OK
{"operation": "http.request", "status": "success", "duration_ms": 0, "method": "GET", "path": "/api/v1/suppliers/4/catalog", "query_params": {}, "event": "request_started", "associate_id": "developer", "request_id": "req_c6b2642ec7f3", "poc_id": "POC-07", "phase": 1, "level": "info", "timestamp": "2026-08-31T11:45:50.367234Z", "error": null, "logger": "main"}
{"operation": "db.query", "status": "success", "duration_ms": 0, "db_operation": "select", "db_table": "users", "event": "db_query", "associate_id": "developer", "request_id": "req_c6b2642ec7f3", "poc_id": "POC-07", "phase": 1, "level": "info", "timestamp": "2026-08-31T11:45:50.417054Z", "error": null, "logger": "db"}
{"operation": "auth.validate", "status": "success", "duration_ms": 3, "user_id": 6, "event": "token_validated", "associate_id": "developer", "request_id": "req_c6b2642ec7f3", "poc_id": "POC-07", "phase": 1, "level": "info", "timestamp": "2026-08-31T11:45:50.418993Z", "error": null, "logger": "auth"}
{"operation": "db.query", "status": "success", "duration_ms": 0, "db_operation": "select", "db_table": "suppliers", "event": "db_query", "associate_id": "developer", "request_id": "req_c6b2642ec7f3", "poc_id": "POC-07", "phase": 1, "level": "info", "timestamp": "2026-08-31T11:45:50.421670Z", "error": null, "logger": "db"}
{"operation": "db.query", "status": "success", "duration_ms": 0, "db_operation": "select", "db_table": "products", "event": "db_query", "associate_id": "developer", "request_id": "req_c6b2642ec7f3", "poc_id": "POC-07", "phase": 1, "level": "info", "timestamp": "2026-08-31T11:45:50.423746Z", "error": null, "logger": "db"}
{"operation": "http.request", "status": "success", "duration_ms": 59, "method": "GET", "path": "/api/v1/suppliers/4/catalog", "status_code": 200, "event": "request_completed", "associate_id": "developer", "request_id": "req_c6b2642ec7f3", "poc_id": "POC-07", "phase": 1, "level": "info", "timestamp": "2026-08-31T11:45:50.426871Z", "error": null, "logger": "main"}
INFO:     127.0.0.1:52964 - "GET /api/v1/suppliers/4/catalog HTTP/1.1" 200 OK
{"operation": "http.request", "status": "success", "duration_ms": 0, "method": "GET", "path": "/api/v1/suppliers/4", "query_params": {}, "event": "request_started", "associate_id": "developer", "request_id": "req_d1e01e8a6aed", "poc_id": "POC-07", "phase": 1, "level": "info", "timestamp": "2026-08-31T11:45:52.504570Z", "error": null, "logger": "main"}
{"operation": "db.query", "status": "success", "duration_ms": 0, "db_operation": "select", "db_table": "users", "event": "db_query", "associate_id": "developer", "request_id": "req_d1e01e8a6aed", "poc_id": "POC-07", "phase": 1, "level": "info", "timestamp": "2026-08-31T11:45:52.553954Z", "error": null, "logger": "db"}
{"operation": "auth.validate", "status": "success", "duration_ms": 3, "user_id": 6, "event": "token_validated", "associate_id": "developer", "request_id": "req_d1e01e8a6aed", "poc_id": "POC-07", "phase": 1, "level": "info", "timestamp": "2026-08-31T11:45:52.556012Z", "error": null, "logger": "auth"}
{"operation": "db.query", "status": "success", "duration_ms": 0, "db_operation": "select", "db_table": "suppliers", "event": "db_query", "associate_id": "developer", "request_id": "req_d1e01e8a6aed", "poc_id": "POC-07", "phase": 1, "level": "info", "timestamp": "2026-08-31T11:45:52.558545Z", "error": null, "logger": "db"}
{"operation": "http.request", "status": "success", "duration_ms": 57, "method": "GET", "path": "/api/v1/suppliers/4", "status_code": 200, "event": "request_completed", "associate_id": "developer", "request_id": "req_d1e01e8a6aed", "poc_id": "POC-07", "phase": 1, "level": "info", "timestamp": "2026-08-31T11:45:52.561849Z", "error": null, "logger": "main"}
INFO:     127.0.0.1:52966 - "GET /api/v1/suppliers/4 HTTP/1.1" 200 OK
{"operation": "http.request", "status": "success", "duration_ms": 0, "method": "GET", "path": "/api/v1/products/12", "query_params": {}, "event": "request_started", "associate_id": "developer", "request_id": "req_ff35ca3fa1b6", "poc_id": "POC-07", "phase": 1, "level": "info", "timestamp": "2026-08-31T11:46:23.592314Z", "error": null, "logger": "main"}
{"operation": "db.query", "status": "success", "duration_ms": 0, "db_operation": "select", "db_table": "users", "event": "db_query", "associate_id": "developer", "request_id": "req_ff35ca3fa1b6", "poc_id": "POC-07", "phase": 1, "level": "info", "timestamp": "2026-08-31T11:46:23.597493Z", "error": null, "logger": "db"}
{"operation": "auth.validate", "status": "success", "duration_ms": 2, "user_id": 6, "event": "token_validated", "associate_id": "developer", "request_id": "req_ff35ca3fa1b6", "poc_id": "POC-07", "phase": 1, "level": "info", "timestamp": "2026-08-31T11:46:23.598583Z", "error": null, "logger": "auth"}
{"operation": "db.query", "status": "success", "duration_ms": 0, "db_operation": "select", "db_table": "products", "event": "db_query", "associate_id": "developer", "request_id": "req_ff35ca3fa1b6", "poc_id": "POC-07", "phase": 1, "level": "info", "timestamp": "2026-08-31T11:46:23.600464Z", "error": null, "logger": "db"}
{"operation": "db.query", "status": "success", "duration_ms": 0, "db_operation": "select", "db_table": "stock_levels", "event": "db_query", "associate_id": "developer", "request_id": "req_ff35ca3fa1b6", "poc_id": "POC-07", "phase": 1, "level": "info", "timestamp": "2026-08-31T11:46:23.603327Z", "error": null, "logger": "db"}
{"operation": "db.query", "status": "success", "duration_ms": 0, "db_operation": "select", "db_table": "stock_movements", "event": "db_query", "associate_id": "developer", "request_id": "req_ff35ca3fa1b6", "poc_id": "POC-07", "phase": 1, "level": "info", "timestamp": "2026-08-31T11:46:23.605936Z", "error": null, "logger": "db"}
{"operation": "http.request", "status": "success", "duration_ms": 16, "method": "GET", "path": "/api/v1/products/12", "status_code": 200, "event": "request_completed", "associate_id": "developer", "request_id": "req_ff35ca3fa1b6", "poc_id": "POC-07", "phase": 1, "level": "info", "timestamp": "2026-08-31T11:46:23.608735Z", "error": null, "logger": "main"}
INFO:     127.0.0.1:62337 - "GET /api/v1/products/12 HTTP/1.1" 200 OK
{"operation": "http.request", "status": "success", "duration_ms": 0, "method": "GET", "path": "/api/v1/suppliers/4/catalog", "query_params": {}, "event": "request_started", "associate_id": "developer", "request_id": "req_86d87e77b970", "poc_id": "POC-07", "phase": 1, "level": "info", "timestamp": "2026-08-31T11:46:30.695860Z", "error": null, "logger": "main"}
{"operation": "db.query", "status": "success", "duration_ms": 0, "db_operation": "select", "db_table": "users", "event": "db_query", "associate_id": "developer", "request_id": "req_86d87e77b970", "poc_id": "POC-07", "phase": 1, "level": "info", "timestamp": "2026-08-31T11:46:30.743903Z", "error": null, "logger": "db"}
{"operation": "auth.validate", "status": "success", "duration_ms": 3, "user_id": 6, "event": "token_validated", "associate_id": "developer", "request_id": "req_86d87e77b970", "poc_id": "POC-07", "phase": 1, "level": "info", "timestamp": "2026-08-31T11:46:30.745711Z", "error": null, "logger": "auth"}
{"operation": "db.query", "status": "success", "duration_ms": 0, "db_operation": "select", "db_table": "suppliers", "event": "db_query", "associate_id": "developer", "request_id": "req_86d87e77b970", "poc_id": "POC-07", "phase": 1, "level": "info", "timestamp": "2026-08-31T11:46:30.748019Z", "error": null, "logger": "db"}
{"operation": "db.query", "status": "success", "duration_ms": 0, "db_operation": "select", "db_table": "products", "event": "db_query", "associate_id": "developer", "request_id": "req_86d87e77b970", "poc_id": "POC-07", "phase": 1, "level": "info", "timestamp": "2026-08-31T11:46:30.749669Z", "error": null, "logger": "db"}
{"operation": "http.request", "status": "success", "duration_ms": 56, "method": "GET", "path": "/api/v1/suppliers/4/catalog", "status_code": 200, "event": "request_completed", "associate_id": "developer", "request_id": "req_86d87e77b970", "poc_id": "POC-07", "phase": 1, "level": "info", "timestamp": "2026-08-31T11:46:30.752744Z", "error": null, "logger": "main"}
INFO:     127.0.0.1:56031 - "GET /api/v1/suppliers/4/catalog HTTP/1.1" 200 OK
{"operation": "http.request", "status": "success", "duration_ms": 0, "method": "GET", "path": "/api/v1/suppliers/4", "query_params": {}, "event": "request_started", "associate_id": "developer", "request_id": "req_ad93c6130b9a", "poc_id": "POC-07", "phase": 1, "level": "info", "timestamp": "2026-08-31T11:46:32.819436Z", "error": null, "logger": "main"}
{"operation": "db.query", "status": "success", "duration_ms": 0, "db_operation": "select", "db_table": "users", "event": "db_query", "associate_id": "developer", "request_id": "req_ad93c6130b9a", "poc_id": "POC-07", "phase": 1, "level": "info", "timestamp": "2026-08-31T11:46:32.868318Z", "error": null, "logger": "db"}
{"operation": "auth.validate", "status": "success", "duration_ms": 3, "user_id": 6, "event": "token_validated", "associate_id": "developer", "request_id": "req_ad93c6130b9a", "poc_id": "POC-07", "phase": 1, "level": "info", "timestamp": "2026-08-31T11:46:32.870297Z", "error": null, "logger": "auth"}
{"operation": "db.query", "status": "success", "duration_ms": 0, "db_operation": "select", "db_table": "suppliers", "event": "db_query", "associate_id": "developer", "request_id": "req_ad93c6130b9a", "poc_id": "POC-07", "phase": 1, "level": "info", "timestamp": "2026-08-31T11:46:32.873668Z", "error": null, "logger": "db"}
{"operation": "http.request", "status": "success", "duration_ms": 57, "method": "GET", "path": "/api/v1/suppliers/4", "status_code": 200, "event": "request_completed", "associate_id": "developer", "request_id": "req_ad93c6130b9a", "poc_id": "POC-07", "phase": 1, "level": "info", "timestamp": "2026-08-31T11:46:32.876765Z", "error": null, "logger": "main"}
INFO:     127.0.0.1:56033 - "GET /api/v1/suppliers/4 HTTP/1.1" 200 OK
{"operation": "http.request", "status": "success", "duration_ms": 0, "method": "GET", "path": "/api/v1/stock/low-alerts", "query_params": {}, "event": "request_started", "associate_id": "developer", "request_id": "req_1cc8937343bf", "poc_id": "POC-07", "phase": 1, "level": "info", "timestamp": "2026-08-31T11:50:12.256819Z", "error": null, "logger": "main"}
{"operation": "http.request", "status": "failure", "duration_ms": 48, "method": "GET", "path": "/api/v1/stock/low-alerts", "status_code": 401, "event": "request_completed", "associate_id": "developer", "request_id": "req_1cc8937343bf", "poc_id": "POC-07", "phase": 1, "level": "info", "timestamp": "2026-08-31T11:50:12.304725Z", "error": null, "logger": "main"}
INFO:     127.0.0.1:55082 - "GET /api/v1/stock/low-alerts HTTP/1.1" 401 Unauthorized
{"operation": "http.request", "status": "success", "duration_ms": 0, "method": "POST", "path": "/api/v1/auth/login", "query_params": {}, "event": "request_started", "associate_id": "developer", "request_id": "req_5f99f3c38eb0", "poc_id": "POC-07", "phase": 1, "level": "info", "timestamp": "2026-08-31T11:50:39.968786Z", "error": null, "logger": "main"}
{"operation": "db.query", "status": "success", "duration_ms": 0, "db_operation": "select", "db_table": "users", "event": "db_query", "associate_id": "developer", "request_id": "req_5f99f3c38eb0", "poc_id": "POC-07", "phase": 1, "level": "info", "timestamp": "2026-08-31T11:50:39.976178Z", "error": null, "logger": "db"}
{"operation": "auth.login", "status": "success", "duration_ms": 377, "user_id": 6, "email": "manager@poc07.com", "event": "login_success", "associate_id": "developer", "request_id": "req_5f99f3c38eb0", "poc_id": "POC-07", "phase": 1, "level": "info", "timestamp": "2026-08-31T11:50:40.351724Z", "error": null, "logger": "auth"}
{"operation": "http.request", "status": "success", "duration_ms": 430, "method": "POST", "path": "/api/v1/auth/login", "status_code": 200, "event": "request_completed", "associate_id": "developer", "request_id": "req_5f99f3c38eb0", "poc_id": "POC-07", "phase": 1, "level": "info", "timestamp": "2026-08-31T11:50:40.399588Z", "error": null, "logger": "main"}
INFO:     127.0.0.1:64586 - "POST /api/v1/auth/login HTTP/1.1" 200 OK
{"operation": "http.request", "status": "success", "duration_ms": 0, "method": "OPTIONS", "path": "/api/v1/auth/me", "query_params": {}, "event": "request_started", "associate_id": "developer", "request_id": "req_c252ce1dbe44", "poc_id": "POC-07", "phase": 1, "level": "info", "timestamp": "2026-08-31T11:50:40.414737Z", "error": null, "logger": "main"}
{"operation": "http.request", "status": "success", "duration_ms": 2, "method": "OPTIONS", "path": "/api/v1/auth/me", "status_code": 200, "event": "request_completed", "associate_id": "developer", "request_id": "req_c252ce1dbe44", "poc_id": "POC-07", "phase": 1, "level": "info", "timestamp": "2026-08-31T11:50:40.417165Z", "error": null, "logger": "main"}
INFO:     127.0.0.1:64586 - "OPTIONS /api/v1/auth/me HTTP/1.1" 200 OK
{"operation": "http.request", "status": "success", "duration_ms": 0, "method": "GET", "path": "/api/v1/auth/me", "query_params": {}, "event": "request_started", "associate_id": "developer", "request_id": "req_80d7604cc759", "poc_id": "POC-07", "phase": 1, "level": "info", "timestamp": "2026-08-31T11:50:40.425299Z", "error": null, "logger": "main"}
{"operation": "db.query", "status": "success", "duration_ms": 0, "db_operation": "select", "db_table": "users", "event": "db_query", "associate_id": "developer", "request_id": "req_80d7604cc759", "poc_id": "POC-07", "phase": 1, "level": "info", "timestamp": "2026-08-31T11:50:40.430938Z", "error": null, "logger": "db"}
{"operation": "auth.validate", "status": "success", "duration_ms": 4, "user_id": 6, "event": "token_validated", "associate_id": "developer", "request_id": "req_80d7604cc759", "poc_id": "POC-07", "phase": 1, "level": "info", "timestamp": "2026-08-31T11:50:40.433238Z", "error": null, "logger": "auth"}
{"operation": "http.request", "status": "success", "duration_ms": 12, "method": "GET", "path": "/api/v1/auth/me", "status_code": 200, "event": "request_completed", "associate_id": "developer", "request_id": "req_80d7604cc759", "poc_id": "POC-07", "phase": 1, "level": "info", "timestamp": "2026-08-31T11:50:40.437635Z", "error": null, "logger": "main"}
INFO:     127.0.0.1:64586 - "GET /api/v1/auth/me HTTP/1.1" 200 OK
{"operation": "http.request", "status": "success", "duration_ms": 0, "method": "OPTIONS", "path": "/api/v1/products", "query_params": {}, "event": "request_started", "associate_id": "developer", "request_id": "req_48302dd44556", "poc_id": "POC-07", "phase": 1, "level": "info", "timestamp": "2026-08-31T11:50:40.561126Z", "error": null, "logger": "main"}
{"operation": "http.request", "status": "success", "duration_ms": 0, "method": "OPTIONS", "path": "/api/v1/suppliers", "query_params": {}, "event": "request_started", "associate_id": "developer", "request_id": "req_60d2b56de360", "poc_id": "POC-07", "phase": 1, "level": "info", "timestamp": "2026-08-31T11:50:40.566205Z", "error": null, "logger": "main"}
{"operation": "http.request", "status": "success", "duration_ms": 0, "method": "OPTIONS", "path": "/api/v1/products", "query_params": {}, "event": "request_started", "associate_id": "developer", "request_id": "req_dbbafe451376", "poc_id": "POC-07", "phase": 1, "level": "info", "timestamp": "2026-08-31T11:50:40.569628Z", "error": null, "logger": "main"}
{"operation": "http.request", "status": "success", "duration_ms": 10, "method": "OPTIONS", "path": "/api/v1/products", "status_code": 200, "event": "request_completed", "associate_id": "developer", "request_id": "req_48302dd44556", "poc_id": "POC-07", "phase": 1, "level": "info", "timestamp": "2026-08-31T11:50:40.571589Z", "error": null, "logger": "main"}
INFO:     127.0.0.1:64586 - "OPTIONS /api/v1/products HTTP/1.1" 200 OK
{"operation": "http.request", "status": "success", "duration_ms": 0, "method": "OPTIONS", "path": "/api/v1/suppliers", "query_params": {}, "event": "request_started", "associate_id": "developer", "request_id": "req_f0c87bee1cd7", "poc_id": "POC-07", "phase": 1, "level": "info", "timestamp": "2026-08-31T11:50:40.576081Z", "error": null, "logger": "main"}
{"operation": "http.request", "status": "success", "duration_ms": 14, "method": "OPTIONS", "path": "/api/v1/suppliers", "status_code": 200, "event": "request_completed", "associate_id": "developer", "request_id": "req_60d2b56de360", "poc_id": "POC-07", "phase": 1, "level": "info", "timestamp": "2026-08-31T11:50:40.580615Z", "error": null, "logger": "main"}
INFO:     127.0.0.1:63706 - "OPTIONS /api/v1/suppliers HTTP/1.1" 200 OK
{"operation": "http.request", "status": "success", "duration_ms": 15, "method": "OPTIONS", "path": "/api/v1/products", "status_code": 200, "event": "request_completed", "associate_id": "developer", "request_id": "req_dbbafe451376", "poc_id": "POC-07", "phase": 1, "level": "info", "timestamp": "2026-08-31T11:50:40.584768Z", "error": null, "logger": "main"}
INFO:     127.0.0.1:55409 - "OPTIONS /api/v1/products HTTP/1.1" 200 OK
{"operation": "http.request", "status": "success", "duration_ms": 13, "method": "OPTIONS", "path": "/api/v1/suppliers", "status_code": 200, "event": "request_completed", "associate_id": "developer", "request_id": "req_f0c87bee1cd7", "poc_id": "POC-07", "phase": 1, "level": "info", "timestamp": "2026-08-31T11:50:40.589514Z", "error": null, "logger": "main"}
INFO:     127.0.0.1:64710 - "OPTIONS /api/v1/suppliers HTTP/1.1" 200 OK
{"operation": "http.request", "status": "success", "duration_ms": 0, "method": "GET", "path": "/api/v1/products", "query_params": {}, "event": "request_started", "associate_id": "developer", "request_id": "req_a5ca5e18fc77", "poc_id": "POC-07", "phase": 1, "level": "info", "timestamp": "2026-08-31T11:50:40.593897Z", "error": null, "logger": "main"}
{"operation": "http.request", "status": "success", "duration_ms": 0, "method": "GET", "path": "/api/v1/suppliers", "query_params": {}, "event": "request_started", "associate_id": "developer", "request_id": "req_d24d7578c9ea", "poc_id": "POC-07", "phase": 1, "level": "info", "timestamp": "2026-08-31T11:50:40.599122Z", "error": null, "logger": "main"}
{"operation": "db.query", "status": "success", "duration_ms": 1, "db_operation": "select", "db_table": "users", "event": "db_query", "associate_id": "developer", "request_id": "req_a5ca5e18fc77", "poc_id": "POC-07", "phase": 1, "level": "info", "timestamp": "2026-08-31T11:50:40.607480Z", "error": null, "logger": "db"}
{"operation": "auth.validate", "status": "success", "duration_ms": 4, "user_id": 6, "event": "token_validated", "associate_id": "developer", "request_id": "req_a5ca5e18fc77", "poc_id": "POC-07", "phase": 1, "level": "info", "timestamp": "2026-08-31T11:50:40.609302Z", "error": null, "logger": "auth"}
{"operation": "db.query", "status": "success", "duration_ms": 0, "db_operation": "select", "db_table": "products", "event": "db_query", "associate_id": "developer", "request_id": "req_a5ca5e18fc77", "poc_id": "POC-07", "phase": 1, "level": "info", "timestamp": "2026-08-31T11:50:40.612933Z", "error": null, "logger": "db"}
{"operation": "db.query", "status": "success", "duration_ms": 2, "db_operation": "select", "db_table": "users", "event": "db_query", "associate_id": "developer", "request_id": "req_d24d7578c9ea", "poc_id": "POC-07", "phase": 1, "level": "info", "timestamp": "2026-08-31T11:50:40.613437Z", "error": null, "logger": "db"}
{"operation": "auth.validate", "status": "success", "duration_ms": 10, "user_id": 6, "event": "token_validated", "associate_id": "developer", "request_id": "req_d24d7578c9ea", "poc_id": "POC-07", "phase": 1, "level": "info", "timestamp": "2026-08-31T11:50:40.617108Z", "error": null, "logger": "auth"}
{"operation": "http.request", "status": "success", "duration_ms": 26, "method": "GET", "path": "/api/v1/products", "status_code": 200, "event": "request_completed", "associate_id": "developer", "request_id": "req_a5ca5e18fc77", "poc_id": "POC-07", "phase": 1, "level": "info", "timestamp": "2026-08-31T11:50:40.620311Z", "error": null, "logger": "main"}
INFO:     127.0.0.1:63862 - "GET /api/v1/products HTTP/1.1" 200 OK
{"operation": "db.query", "status": "success", "duration_ms": 1, "db_operation": "select", "db_table": "suppliers", "event": "db_query", "associate_id": "developer", "request_id": "req_d24d7578c9ea", "poc_id": "POC-07", "phase": 1, "level": "info", "timestamp": "2026-08-31T11:50:40.623227Z", "error": null, "logger": "db"}
{"operation": "http.request", "status": "success", "duration_ms": 0, "method": "GET", "path": "/api/v1/products", "query_params": {}, "event": "request_started", "associate_id": "developer", "request_id": "req_391477df17b4", "poc_id": "POC-07", "phase": 1, "level": "info", "timestamp": "2026-08-31T11:50:40.632203Z", "error": null, "logger": "main"}
{"operation": "http.request", "status": "success", "duration_ms": 37, "method": "GET", "path": "/api/v1/suppliers", "status_code": 200, "event": "request_completed", "associate_id": "developer", "request_id": "req_d24d7578c9ea", "poc_id": "POC-07", "phase": 1, "level": "info", "timestamp": "2026-08-31T11:50:40.636412Z", "error": null, "logger": "main"}
INFO:     127.0.0.1:65333 - "GET /api/v1/suppliers HTTP/1.1" 200 OK
{"operation": "db.query", "status": "success", "duration_ms": 0, "db_operation": "select", "db_table": "users", "event": "db_query", "associate_id": "developer", "request_id": "req_391477df17b4", "poc_id": "POC-07", "phase": 1, "level": "info", "timestamp": "2026-08-31T11:50:40.638233Z", "error": null, "logger": "db"}
{"operation": "auth.validate", "status": "success", "duration_ms": 3, "user_id": 6, "event": "token_validated", "associate_id": "developer", "request_id": "req_391477df17b4", "poc_id": "POC-07", "phase": 1, "level": "info", "timestamp": "2026-08-31T11:50:40.640271Z", "error": null, "logger": "auth"}
{"operation": "http.request", "status": "success", "duration_ms": 0, "method": "GET", "path": "/api/v1/suppliers", "query_params": {}, "event": "request_started", "associate_id": "developer", "request_id": "req_420721a364cf", "poc_id": "POC-07", "phase": 1, "level": "info", "timestamp": "2026-08-31T11:50:40.642360Z", "error": null, "logger": "main"}
{"operation": "db.query", "status": "success", "duration_ms": 0, "db_operation": "select", "db_table": "products", "event": "db_query", "associate_id": "developer", "request_id": "req_391477df17b4", "poc_id": "POC-07", "phase": 1, "level": "info", "timestamp": "2026-08-31T11:50:40.643510Z", "error": null, "logger": "db"}
{"operation": "db.query", "status": "success", "duration_ms": 0, "db_operation": "select", "db_table": "users", "event": "db_query", "associate_id": "developer", "request_id": "req_420721a364cf", "poc_id": "POC-07", "phase": 1, "level": "info", "timestamp": "2026-08-31T11:50:40.649514Z", "error": null, "logger": "db"}
{"operation": "auth.validate", "status": "success", "duration_ms": 5, "user_id": 6, "event": "token_validated", "associate_id": "developer", "request_id": "req_420721a364cf", "poc_id": "POC-07", "phase": 1, "level": "info", "timestamp": "2026-08-31T11:50:40.652872Z", "error": null, "logger": "auth"}
{"operation": "http.request", "status": "success", "duration_ms": 24, "method": "GET", "path": "/api/v1/products", "status_code": 200, "event": "request_completed", "associate_id": "developer", "request_id": "req_391477df17b4", "poc_id": "POC-07", "phase": 1, "level": "info", "timestamp": "2026-08-31T11:50:40.656434Z", "error": null, "logger": "main"}
INFO:     127.0.0.1:63862 - "GET /api/v1/products HTTP/1.1" 200 OK
{"operation": "db.query", "status": "success", "duration_ms": 0, "db_operation": "select", "db_table": "suppliers", "event": "db_query", "associate_id": "developer", "request_id": "req_420721a364cf", "poc_id": "POC-07", "phase": 1, "level": "info", "timestamp": "2026-08-31T11:50:40.667886Z", "error": null, "logger": "db"}
{"operation": "http.request", "status": "success", "duration_ms": 30, "method": "GET", "path": "/api/v1/suppliers", "status_code": 200, "event": "request_completed", "associate_id": "developer", "request_id": "req_420721a364cf", "poc_id": "POC-07", "phase": 1, "level": "info", "timestamp": "2026-08-31T11:50:40.672997Z", "error": null, "logger": "main"}
INFO:     127.0.0.1:65333 - "GET /api/v1/suppliers HTTP/1.1" 200 OK
{"operation": "http.request", "status": "success", "duration_ms": 0, "method": "GET", "path": "/api/v1/products", "query_params": {}, "event": "request_started", "associate_id": "developer", "request_id": "req_212e7cbf0160", "poc_id": "POC-07", "phase": 1, "level": "info", "timestamp": "2026-08-31T11:50:51.965031Z", "error": null, "logger": "main"}
{"operation": "db.query", "status": "success", "duration_ms": 0, "db_operation": "select", "db_table": "users", "event": "db_query", "associate_id": "developer", "request_id": "req_212e7cbf0160", "poc_id": "POC-07", "phase": 1, "level": "info", "timestamp": "2026-08-31T11:50:51.974338Z", "error": null, "logger": "db"}
{"operation": "auth.validate", "status": "success", "duration_ms": 5, "user_id": 6, "event": "token_validated", "associate_id": "developer", "request_id": "req_212e7cbf0160", "poc_id": "POC-07", "phase": 1, "level": "info", "timestamp": "2026-08-31T11:50:51.977462Z", "error": null, "logger": "auth"}
{"operation": "db.query", "status": "success", "duration_ms": 0, "db_operation": "select", "db_table": "products", "event": "db_query", "associate_id": "developer", "request_id": "req_212e7cbf0160", "poc_id": "POC-07", "phase": 1, "level": "info", "timestamp": "2026-08-31T11:50:51.984388Z", "error": null, "logger": "db"}
{"operation": "http.request", "status": "success", "duration_ms": 25, "method": "GET", "path": "/api/v1/products", "status_code": 200, "event": "request_completed", "associate_id": "developer", "request_id": "req_212e7cbf0160", "poc_id": "POC-07", "phase": 1, "level": "info", "timestamp": "2026-08-31T11:50:51.990305Z", "error": null, "logger": "main"}
INFO:     127.0.0.1:51807 - "GET /api/v1/products HTTP/1.1" 200 OK
{"operation": "http.request", "status": "success", "duration_ms": 0, "method": "GET", "path": "/api/v1/dashboard", "query_params": {}, "event": "request_started", "associate_id": "developer", "request_id": "req_f7c85b153e4b", "poc_id": "POC-07", "phase": 1, "level": "info", "timestamp": "2026-08-31T11:50:53.780598Z", "error": null, "logger": "main"}
{"operation": "http.request", "status": "failure", "duration_ms": 48, "method": "GET", "path": "/api/v1/dashboard", "status_code": 401, "event": "request_completed", "associate_id": "developer", "request_id": "req_f7c85b153e4b", "poc_id": "POC-07", "phase": 1, "level": "info", "timestamp": "2026-08-31T11:50:53.829327Z", "error": null, "logger": "main"}
INFO:     127.0.0.1:57070 - "GET /api/v1/dashboard HTTP/1.1" 401 Unauthorized
{"operation": "http.request", "status": "success", "duration_ms": 0, "method": "GET", "path": "/api/v1/dashboard", "query_params": {}, "event": "request_started", "associate_id": "developer", "request_id": "req_e0233881d7cd", "poc_id": "POC-07", "phase": 1, "level": "info", "timestamp": "2026-08-31T11:50:56.991982Z", "error": null, "logger": "main"}
{"operation": "http.request", "status": "failure", "duration_ms": 46, "method": "GET", "path": "/api/v1/dashboard", "status_code": 401, "event": "request_completed", "associate_id": "developer", "request_id": "req_e0233881d7cd", "poc_id": "POC-07", "phase": 1, "level": "info", "timestamp": "2026-08-31T11:50:57.038737Z", "error": null, "logger": "main"}
INFO:     127.0.0.1:59961 - "GET /api/v1/dashboard HTTP/1.1" 401 Unauthorized
{"operation": "http.request", "status": "success", "duration_ms": 0, "method": "OPTIONS", "path": "/api/v1/multi-agent/analyze", "query_params": {}, "event": "request_started", "associate_id": "developer", "request_id": "req_822ea71396f4", "poc_id": "POC-07", "phase": 1, "level": "info", "timestamp": "2026-08-31T11:51:10.224038Z", "error": null, "logger": "main"}
{"operation": "http.request", "status": "success", "duration_ms": 2, "method": "OPTIONS", "path": "/api/v1/multi-agent/analyze", "status_code": 200, "event": "request_completed", "associate_id": "developer", "request_id": "req_822ea71396f4", "poc_id": "POC-07", "phase": 1, "level": "info", "timestamp": "2026-08-31T11:51:10.226150Z", "error": null, "logger": "main"}
INFO:     127.0.0.1:52831 - "OPTIONS /api/v1/multi-agent/analyze HTTP/1.1" 200 OK
{"operation": "http.request", "status": "success", "duration_ms": 0, "method": "POST", "path": "/api/v1/multi-agent/analyze", "query_params": {}, "event": "request_started", "associate_id": "developer", "request_id": "req_10c10214321c", "poc_id": "POC-07", "phase": 1, "level": "info", "timestamp": "2026-08-31T11:51:10.234939Z", "error": null, "logger": "main"}
{"operation": "db.query", "status": "success", "duration_ms": 0, "db_operation": "select", "db_table": "users", "event": "db_query", "associate_id": "developer", "request_id": "req_10c10214321c", "poc_id": "POC-07", "phase": 1, "level": "info", "timestamp": "2026-08-31T11:51:10.242195Z", "error": null, "logger": "db"}
{"operation": "auth.validate", "status": "success", "duration_ms": 3, "user_id": 6, "event": "token_validated", "associate_id": "developer", "request_id": "req_10c10214321c", "poc_id": "POC-07", "phase": 1, "level": "info", "timestamp": "2026-08-31T11:51:10.243811Z", "error": null, "logger": "auth"}
{"operation": "http.request", "status": "success", "duration_ms": 0, "method": "GET", "path": "/api/v1/products/21", "query_params": {}, "event": "request_started", "associate_id": "developer", "request_id": "req_59a5281a0400", "poc_id": "POC-07", "phase": 1, "level": "info", "timestamp": "2026-08-31T11:51:13.110161Z", "error": null, "logger": "main"}
{"operation": "db.query", "status": "success", "duration_ms": 0, "db_operation": "select", "db_table": "users", "event": "db_query", "associate_id": "developer", "request_id": "req_59a5281a0400", "poc_id": "POC-07", "phase": 1, "level": "info", "timestamp": "2026-08-31T11:51:13.142201Z", "error": null, "logger": "db"}
{"operation": "auth.validate", "status": "success", "duration_ms": 2, "user_id": 6, "event": "token_validated", "associate_id": "developer", "request_id": "req_59a5281a0400", "poc_id": "POC-07", "phase": 1, "level": "info", "timestamp": "2026-08-31T11:51:13.143580Z", "error": null, "logger": "auth"}
{"operation": "db.query", "status": "success", "duration_ms": 0, "db_operation": "select", "db_table": "products", "event": "db_query", "associate_id": "developer", "request_id": "req_59a5281a0400", "poc_id": "POC-07", "phase": 1, "level": "info", "timestamp": "2026-08-31T11:51:13.146837Z", "error": null, "logger": "db"}
{"operation": "db.query", "status": "success", "duration_ms": 0, "db_operation": "select", "db_table": "stock_levels", "event": "db_query", "associate_id": "developer", "request_id": "req_59a5281a0400", "poc_id": "POC-07", "phase": 1, "level": "info", "timestamp": "2026-08-31T11:51:13.149573Z", "error": null, "logger": "db"}
{"operation": "db.query", "status": "success", "duration_ms": 0, "db_operation": "select", "db_table": "stock_movements", "event": "db_query", "associate_id": "developer", "request_id": "req_59a5281a0400", "poc_id": "POC-07", "phase": 1, "level": "info", "timestamp": "2026-08-31T11:51:13.151957Z", "error": null, "logger": "db"}
{"operation": "http.request", "status": "success", "duration_ms": 45, "method": "GET", "path": "/api/v1/products/21", "status_code": 200, "event": "request_completed", "associate_id": "developer", "request_id": "req_59a5281a0400", "poc_id": "POC-07", "phase": 1, "level": "info", "timestamp": "2026-08-31T11:51:13.155816Z", "error": null, "logger": "main"}
INFO:     127.0.0.1:59550 - "GET /api/v1/products/21 HTTP/1.1" 200 OK
HTTP Request: POST http://localhost:11434/api/chat "HTTP/1.1 200 OK"
{"poc_id": "POC-07", "phase": "P5", "agent": "demand_forecaster", "event": "agent_complete", "associate_id": "developer", "request_id": "req_10c10214321c", "level": "info", "timestamp": "2026-08-31T11:51:23.851449Z", "operation": "agent_complete", "status": "success", "duration_ms": 0, "error": null, "logger": "multi_agent"}
{"poc_id": "POC-07", "phase": "P5", "agent": "reorder_agent", "event": "agent_complete", "associate_id": "developer", "request_id": "req_10c10214321c", "level": "info", "timestamp": "2026-08-31T11:51:23.857031Z", "operation": "agent_complete", "status": "success", "duration_ms": 0, "error": null, "logger": "multi_agent"}
{"operation": "http.request", "status": "success", "duration_ms": 0, "method": "GET", "path": "/api/v1/suppliers/7/catalog", "query_params": {}, "event": "request_started", "associate_id": "developer", "request_id": "req_042a8b570127", "poc_id": "POC-07", "phase": 1, "level": "info", "timestamp": "2026-08-31T11:51:25.900783Z", "error": null, "logger": "main"}
{"operation": "db.query", "status": "success", "duration_ms": 0, "db_operation": "select", "db_table": "users", "event": "db_query", "associate_id": "developer", "request_id": "req_042a8b570127", "poc_id": "POC-07", "phase": 1, "level": "info", "timestamp": "2026-08-31T11:51:25.949125Z", "error": null, "logger": "db"}
{"operation": "auth.validate", "status": "success", "duration_ms": 3, "user_id": 6, "event": "token_validated", "associate_id": "developer", "request_id": "req_042a8b570127", "poc_id": "POC-07", "phase": 1, "level": "info", "timestamp": "2026-08-31T11:51:25.950726Z", "error": null, "logger": "auth"}
{"operation": "db.query", "status": "success", "duration_ms": 0, "db_operation": "select", "db_table": "suppliers", "event": "db_query", "associate_id": "developer", "request_id": "req_042a8b570127", "poc_id": "POC-07", "phase": 1, "level": "info", "timestamp": "2026-08-31T11:51:25.953271Z", "error": null, "logger": "db"}
{"operation": "db.query", "status": "success", "duration_ms": 0, "db_operation": "select", "db_table": "products", "event": "db_query", "associate_id": "developer", "request_id": "req_042a8b570127", "poc_id": "POC-07", "phase": 1, "level": "info", "timestamp": "2026-08-31T11:51:25.955461Z", "error": null, "logger": "db"}
{"operation": "http.request", "status": "success", "duration_ms": 57, "method": "GET", "path": "/api/v1/suppliers/7/catalog", "status_code": 200, "event": "request_completed", "associate_id": "developer", "request_id": "req_042a8b570127", "poc_id": "POC-07", "phase": 1, "level": "info", "timestamp": "2026-08-31T11:51:25.958389Z", "error": null, "logger": "main"}
INFO:     127.0.0.1:53442 - "GET /api/v1/suppliers/7/catalog HTTP/1.1" 200 OK
{"operation": "http.request", "status": "success", "duration_ms": 0, "method": "GET", "path": "/api/v1/suppliers/7", "query_params": {}, "event": "request_started", "associate_id": "developer", "request_id": "req_1e20029ab46c", "poc_id": "POC-07", "phase": 1, "level": "info", "timestamp": "2026-08-31T11:51:28.001580Z", "error": null, "logger": "main"}
{"operation": "db.query", "status": "success", "duration_ms": 0, "db_operation": "select", "db_table": "users", "event": "db_query", "associate_id": "developer", "request_id": "req_1e20029ab46c", "poc_id": "POC-07", "phase": 1, "level": "info", "timestamp": "2026-08-31T11:51:28.009172Z", "error": null, "logger": "db"}
{"operation": "auth.validate", "status": "success", "duration_ms": 3, "user_id": 6, "event": "token_validated", "associate_id": "developer", "request_id": "req_1e20029ab46c", "poc_id": "POC-07", "phase": 1, "level": "info", "timestamp": "2026-08-31T11:51:28.010943Z", "error": null, "logger": "auth"}
{"operation": "db.query", "status": "success", "duration_ms": 0, "db_operation": "select", "db_table": "suppliers", "event": "db_query", "associate_id": "developer", "request_id": "req_1e20029ab46c", "poc_id": "POC-07", "phase": 1, "level": "info", "timestamp": "2026-08-31T11:51:28.013149Z", "error": null, "logger": "db"}
{"operation": "http.request", "status": "success", "duration_ms": 14, "method": "GET", "path": "/api/v1/suppliers/7", "status_code": 200, "event": "request_completed", "associate_id": "developer", "request_id": "req_1e20029ab46c", "poc_id": "POC-07", "phase": 1, "level": "info", "timestamp": "2026-08-31T11:51:28.016377Z", "error": null, "logger": "main"}
INFO:     127.0.0.1:52709 - "GET /api/v1/suppliers/7 HTTP/1.1" 200 OK
{"poc_id": "POC-07", "phase": "P5", "agent": "supplier_coordinator", "event": "agent_complete", "associate_id": "developer", "request_id": "req_10c10214321c", "level": "info", "timestamp": "2026-08-31T11:51:28.019955Z", "operation": "agent_complete", "status": "success", "duration_ms": 0, "error": null, "logger": "multi_agent"}
HTTP Request: POST http://localhost:11434/api/chat "HTTP/1.1 200 OK"
{"poc_id": "POC-07", "phase": "P5", "agent": "inventory_auditor", "event": "agent_complete", "associate_id": "developer", "request_id": "req_10c10214321c", "level": "info", "timestamp": "2026-08-31T11:51:41.248779Z", "operation": "agent_complete", "status": "success", "duration_ms": 0, "error": null, "logger": "multi_agent"}
{"operation": "http.request", "status": "success", "duration_ms": 31019, "method": "POST", "path": "/api/v1/multi-agent/analyze", "status_code": 200, "event": "request_completed", "associate_id": "developer", "request_id": "req_10c10214321c", "poc_id": "POC-07", "phase": 1, "level": "info", "timestamp": "2026-08-31T11:51:41.254746Z", "error": null, "logger": "main"}
INFO:     127.0.0.1:52831 - "POST /api/v1/multi-agent/analyze HTTP/1.1" 200 OK
{"operation": "http.request", "status": "success", "duration_ms": 0, "method": "GET", "path": "/docs", "query_params": {}, "event": "request_started", "associate_id": "developer", "request_id": "req_b80632ef03c6", "poc_id": "POC-07", "phase": 1, "level": "info", "timestamp": "2026-08-31T11:52:43.555519Z", "error": null, "logger": "main"}
{"operation": "http.request", "status": "success", "duration_ms": 11, "method": "GET", "path": "/docs", "status_code": 200, "event": "request_completed", "associate_id": "developer", "request_id": "req_b80632ef03c6", "poc_id": "POC-07", "phase": 1, "level": "info", "timestamp": "2026-08-31T11:52:43.567433Z", "error": null, "logger": "main"}
INFO:     127.0.0.1:58493 - "GET /docs HTTP/1.1" 200 OK
{"operation": "http.request", "status": "success", "duration_ms": 0, "method": "GET", "path": "/openapi.json", "query_params": {}, "event": "request_started", "associate_id": "developer", "request_id": "req_c1b8e66ba869", "poc_id": "POC-07", "phase": 1, "level": "info", "timestamp": "2026-08-31T11:52:44.237954Z", "error": null, "logger": "main"}
{"operation": "http.request", "status": "success", "duration_ms": 87, "method": "GET", "path": "/openapi.json", "status_code": 200, "event": "request_completed", "associate_id": "developer", "request_id": "req_c1b8e66ba869", "poc_id": "POC-07", "phase": 1, "level": "info", "timestamp": "2026-08-31T11:52:44.325134Z", "error": null, "logger": "main"}
INFO:     127.0.0.1:58493 - "GET /openapi.json HTTP/1.1" 200 OK
{"operation": "http.request", "status": "success", "duration_ms": 0, "method": "POST", "path": "/api/v1/multi-agent/analyze", "query_params": {}, "event": "request_started", "associate_id": "developer", "request_id": "req_770083851c1a", "poc_id": "POC-07", "phase": 1, "level": "info", "timestamp": "2026-08-31T11:52:49.957205Z", "error": null, "logger": "main"}
{"operation": "http.request", "status": "failure", "duration_ms": 6, "method": "POST", "path": "/api/v1/multi-agent/analyze", "status_code": 401, "event": "request_completed", "associate_id": "developer", "request_id": "req_770083851c1a", "poc_id": "POC-07", "phase": 1, "level": "info", "timestamp": "2026-08-31T11:52:49.963669Z", "error": null, "logger": "main"}
INFO:     127.0.0.1:59335 - "POST /api/v1/multi-agent/analyze HTTP/1.1" 401 Unauthorized
{"operation": "http.request", "status": "success", "duration_ms": 0, "method": "POST", "path": "/api/v1/multi-agent/analyze", "query_params": {}, "event": "request_started", "associate_id": "developer", "request_id": "req_0e758b913267", "poc_id": "POC-07", "phase": 1, "level": "info", "timestamp": "2026-08-31T11:53:02.761946Z", "error": null, "logger": "main"}
{"operation": "http.request", "status": "failure", "duration_ms": 16, "method": "POST", "path": "/api/v1/multi-agent/analyze", "status_code": 401, "event": "request_completed", "associate_id": "developer", "request_id": "req_0e758b913267", "poc_id": "POC-07", "phase": 1, "level": "info", "timestamp": "2026-08-31T11:53:02.778152Z", "error": null, "logger": "main"}
INFO:     127.0.0.1:61780 - "POST /api/v1/multi-agent/analyze HTTP/1.1" 401 Unauthorized
{"operation": "http.request", "status": "success", "duration_ms": 0, "method": "GET", "path": "/api/v1/stock/low-alerts", "query_params": {}, "event": "request_started", "associate_id": "developer", "request_id": "req_ebaa0ece5986", "poc_id": "POC-07", "phase": 1, "level": "info", "timestamp": "2026-08-31T11:54:41.614042Z", "error": null, "logger": "main"}
{"operation": "http.request", "status": "failure", "duration_ms": 4, "method": "GET", "path": "/api/v1/stock/low-alerts", "status_code": 401, "event": "request_completed", "associate_id": "developer", "request_id": "req_ebaa0ece5986", "poc_id": "POC-07", "phase": 1, "level": "info", "timestamp": "2026-08-31T11:54:41.618849Z", "error": null, "logger": "main"}
INFO:     127.0.0.1:59624 - "GET /api/v1/stock/low-alerts HTTP/1.1" 401 Unauthorized
{"operation": "http.request", "status": "success", "duration_ms": 0, "method": "GET", "path": "/api/v1/dashboard", "query_params": {}, "event": "request_started", "associate_id": "developer", "request_id": "req_76f595eb9e36", "poc_id": "POC-07", "phase": 1, "level": "info", "timestamp": "2026-08-31T11:55:22.692480Z", "error": null, "logger": "main"}
{"operation": "http.request", "status": "failure", "duration_ms": 48, "method": "GET", "path": "/api/v1/dashboard", "status_code": 401, "event": "request_completed", "associate_id": "developer", "request_id": "req_76f595eb9e36", "poc_id": "POC-07", "phase": 1, "level": "info", "timestamp": "2026-08-31T11:55:22.740992Z", "error": null, "logger": "main"}
INFO:     127.0.0.1:51486 - "GET /api/v1/dashboard HTTP/1.1" 401 Unauthorized
{"operation": "http.request", "status": "success", "duration_ms": 0, "method": "GET", "path": "/api/v1/dashboard", "query_params": {}, "event": "request_started", "associate_id": "developer", "request_id": "req_3ba3e2e118b5", "poc_id": "POC-07", "phase": 1, "level": "info", "timestamp": "2026-08-31T11:55:25.853010Z", "error": null, "logger": "main"}
{"operation": "http.request", "status": "failure", "duration_ms": 5, "method": "GET", "path": "/api/v1/dashboard", "status_code": 401, "event": "request_completed", "associate_id": "developer", "request_id": "req_3ba3e2e118b5", "poc_id": "POC-07", "phase": 1, "level": "info", "timestamp": "2026-08-31T11:55:25.858329Z", "error": null, "logger": "main"}
INFO:     127.0.0.1:51493 - "GET /api/v1/dashboard HTTP/1.1" 401 Unauthorized
{"operation": "http.request", "status": "success", "duration_ms": 0, "method": "GET", "path": "/api/v1/stock/low-alerts", "query_params": {}, "event": "request_started", "associate_id": "developer", "request_id": "req_afda7bf48238", "poc_id": "POC-07", "phase": 1, "level": "info", "timestamp": "2026-08-31T11:58:57.515928Z", "error": null, "logger": "main"}
{"operation": "http.request", "status": "failure", "duration_ms": 49, "method": "GET", "path": "/api/v1/stock/low-alerts", "status_code": 401, "event": "request_completed", "associate_id": "developer", "request_id": "req_afda7bf48238", "poc_id": "POC-07", "phase": 1, "level": "info", "timestamp": "2026-08-31T11:58:57.564849Z", "error": null, "logger": "main"}
INFO:     127.0.0.1:51657 - "GET /api/v1/stock/low-alerts HTTP/1.1" 401 Unauthorized
{"operation": "http.request", "status": "success", "duration_ms": 0, "method": "GET", "path": "/api/v1/dashboard", "query_params": {}, "event": "request_started", "associate_id": "developer", "request_id": "req_8a4061129ced", "poc_id": "POC-07", "phase": 1, "level": "info", "timestamp": "2026-08-31T11:59:38.654423Z", "error": null, "logger": "main"}
{"operation": "http.request", "status": "failure", "duration_ms": 4, "method": "GET", "path": "/api/v1/dashboard", "status_code": 401, "event": "request_completed", "associate_id": "developer", "request_id": "req_8a4061129ced", "poc_id": "POC-07", "phase": 1, "level": "info", "timestamp": "2026-08-31T11:59:38.658760Z", "error": null, "logger": "main"}
INFO:     127.0.0.1:55503 - "GET /api/v1/dashboard HTTP/1.1" 401 Unauthorized
{"operation": "http.request", "status": "success", "duration_ms": 0, "method": "GET", "path": "/api/v1/dashboard", "query_params": {}, "event": "request_started", "associate_id": "developer", "request_id": "req_949d417d6a4b", "poc_id": "POC-07", "phase": 1, "level": "info", "timestamp": "2026-08-31T11:59:41.811686Z", "error": null, "logger": "main"}
{"operation": "http.request", "status": "failure", "duration_ms": 48, "method": "GET", "path": "/api/v1/dashboard", "status_code": 401, "event": "request_completed", "associate_id": "developer", "request_id": "req_949d417d6a4b", "poc_id": "POC-07", "phase": 1, "level": "info", "timestamp": "2026-08-31T11:59:41.860255Z", "error": null, "logger": "main"}
INFO:     127.0.0.1:55507 - "GET /api/v1/dashboard HTTP/1.1" 401 Unauthorized
{"operation": "http.request", "status": "success", "duration_ms": 0, "method": "GET", "path": "/api/v1/stock/low-alerts", "query_params": {}, "event": "request_started", "associate_id": "developer", "request_id": "req_461946be7bcd", "poc_id": "POC-07", "phase": 1, "level": "info", "timestamp": "2026-08-31T12:02:57.690661Z", "error": null, "logger": "main"}
{"operation": "http.request", "status": "failure", "duration_ms": 15, "method": "GET", "path": "/api/v1/stock/low-alerts", "status_code": 401, "event": "request_completed", "associate_id": "developer", "request_id": "req_461946be7bcd", "poc_id": "POC-07", "phase": 1, "level": "info", "timestamp": "2026-08-31T12:02:57.706379Z", "error": null, "logger": "main"}
INFO:     127.0.0.1:55890 - "GET /api/v1/stock/low-alerts HTTP/1.1" 401 Unauthorized
{"operation": "http.request", "status": "success", "duration_ms": 0, "method": "GET", "path": "/api/v1/dashboard", "query_params": {}, "event": "request_started", "associate_id": "developer", "request_id": "req_90be065c76ed", "poc_id": "POC-07", "phase": 1, "level": "info", "timestamp": "2026-08-31T12:03:38.845571Z", "error": null, "logger": "main"}
{"operation": "http.request", "status": "failure", "duration_ms": 47, "method": "GET", "path": "/api/v1/dashboard", "status_code": 401, "event": "request_completed", "associate_id": "developer", "request_id": "req_90be065c76ed", "poc_id": "POC-07", "phase": 1, "level": "info", "timestamp": "2026-08-31T12:03:38.893046Z", "error": null, "logger": "main"}
INFO:     127.0.0.1:53555 - "GET /api/v1/dashboard HTTP/1.1" 401 Unauthorized
{"operation": "http.request", "status": "success", "duration_ms": 0, "method": "GET", "path": "/api/v1/dashboard", "query_params": {}, "event": "request_started", "associate_id": "developer", "request_id": "req_0b6e2e38a4b9", "poc_id": "POC-07", "phase": 1, "level": "info", "timestamp": "2026-08-31T12:03:42.056393Z", "error": null, "logger": "main"}
{"operation": "http.request", "status": "failure", "duration_ms": 11, "method": "GET", "path": "/api/v1/dashboard", "status_code": 401, "event": "request_completed", "associate_id": "developer", "request_id": "req_0b6e2e38a4b9", "poc_id": "POC-07", "phase": 1, "level": "info", "timestamp": "2026-08-31T12:03:42.067384Z", "error": null, "logger": "main"}
INFO:     127.0.0.1:53559 - "GET /api/v1/dashboard HTTP/1.1" 401 Unauthorized
